// Jest Snapshot v1, https://goo.gl/fbAQLP

exports[`screen: _app matches snapshot 1`] = `
<SettingsProvider>
  <ThemeProvider>
    <GlobalCss />
    <div
      id="component"
    />
  </ThemeProvider>
</SettingsProvider>
`;
